src/pages/cards/hooks/useCardDetailsHeaderLogic.ts(17,11): error TS6196: 'HeaderMetricItem' is declared but never used.
src/pages/transactions/components/tables/PaginationBar.tsx(27,62): error TS2551: Property 'paginationItemsPerPage' does not exist on type '{ readonly emptyStateMobile: "Nenhuma transa├º├úo encontrada."; readonly emptyStateDesktop: "Nenhuma transa├º├úo encontrada para os filtros atuais."; readonly groupInstallmentLabel: "Parcelado"; ... 7 more ...; readonly p├íginationNext: "Pr├│xima"; }'. Did you mean 'p├íginationItemsPerPage'?
src/pages/transactions/components/tables/PaginationBar.tsx(37,69): error TS2551: Property 'paginationAll' does not exist on type '{ readonly emptyStateMobile: "Nenhuma transa├º├úo encontrada."; readonly emptyStateDesktop: "Nenhuma transa├º├úo encontrada para os filtros atuais."; readonly groupInstallmentLabel: "Parcelado"; ... 7 more ...; readonly p├íginationNext: "Pr├│xima"; }'. Did you mean 'p├íginationAll'?
src/pages/transactions/components/tables/PaginationBar.tsx(42,82): error TS2551: Property 'paginationLabel' does not exist on type '{ readonly emptyStateMobile: "Nenhuma transa├º├úo encontrada."; readonly emptyStateDesktop: "Nenhuma transa├º├úo encontrada para os filtros atuais."; readonly groupInstallmentLabel: "Parcelado"; ... 7 more ...; readonly p├íginationNext: "Pr├│xima"; }'. Did you mean 'p├íginationLabel'?
src/pages/transactions/components/tables/PaginationBar.tsx(50,50): error TS2551: Property 'paginationPrevious' does not exist on type '{ readonly emptyStateMobile: "Nenhuma transa├º├úo encontrada."; readonly emptyStateDesktop: "Nenhuma transa├º├úo encontrada para os filtros atuais."; readonly groupInstallmentLabel: "Parcelado"; ... 7 more ...; readonly p├íginationNext: "Pr├│xima"; }'. Did you mean 'p├íginationPrevious'?
src/pages/transactions/components/tables/PaginationBar.tsx(59,50): error TS2551: Property 'paginationNext' does not exist on type '{ readonly emptyStateMobile: "Nenhuma transa├º├úo encontrada."; readonly emptyStateDesktop: "Nenhuma transa├º├úo encontrada para os filtros atuais."; readonly groupInstallmentLabel: "Parcelado"; ... 7 more ...; readonly p├íginationNext: "Pr├│xima"; }'. Did you mean 'p├íginationNext'?
src/pages/transactions/components/TransactionForm/TransactionTransferSection.tsx(25,5): error TS6133: 'transaction' is declared but its value is never read.
src/pages/transactions/components/TransactionForm/TransactionTransferSection.tsx(28,5): error TS6133: 'register' is declared but its value is never read.
